VERSION {
global:
    ggzcore_check_library;
    ggzcore_conf_commit;
    ggzcore_conf_initialize;
    ggzcore_conf_read_int;
    ggzcore_conf_read_list;
    ggzcore_conf_read_string;
    ggzcore_conf_remove_key;
    ggzcore_conf_remove_section;
    ggzcore_conf_write_int;
    ggzcore_conf_write_list;
    ggzcore_conf_write_string;
    ggzcore_destroy;
    ggzcore_game_add_event_hook;
    ggzcore_game_add_event_hook_full;
    ggzcore_game_free;
    ggzcore_game_get_control_fd;
    ggzcore_game_get_module;
    ggzcore_game_init;
    ggzcore_game_launch;
    ggzcore_game_new;
    ggzcore_game_read_data;
    ggzcore_game_remove_event_hook;
    ggzcore_game_remove_event_hook_id;
    ggzcore_game_set_server_fd;
    ggzcore_gametype_get_author;
    ggzcore_gametype_get_desc;
    ggzcore_gametype_get_id;
    ggzcore_gametype_get_max_bots;
    ggzcore_gametype_get_max_players;
    ggzcore_gametype_get_name;
    ggzcore_gametype_get_namedbot_class;
    ggzcore_gametype_get_namedbot_name;
    ggzcore_gametype_get_num_namedbots;
    ggzcore_gametype_get_peers_allowed;
    ggzcore_gametype_get_prot_engine;
    ggzcore_gametype_get_prot_version;
    ggzcore_gametype_get_spectators_allowed;
    ggzcore_gametype_get_url;
    ggzcore_gametype_get_version;
    ggzcore_gametype_num_bots_is_valid;
    ggzcore_gametype_num_players_is_valid;
    ggzcore_init;
    ggzcore_module_add;
    ggzcore_module_get_argv;
    ggzcore_module_get_author;
    ggzcore_module_get_environment;
    ggzcore_module_get_frontend;
    ggzcore_module_get_help_path;
    ggzcore_module_get_icon_path;
    ggzcore_module_get_name;
    ggzcore_module_get_nth_by_type;
    ggzcore_module_get_num;
    ggzcore_module_get_num_by_type;
    ggzcore_module_get_prot_engine;
    ggzcore_module_get_prot_version;
    ggzcore_module_get_url;
    ggzcore_module_get_version;
    ggzcore_player_get_highscore;
    ggzcore_player_get_lag;
    ggzcore_player_get_name;
    ggzcore_player_get_ranking;
    ggzcore_player_get_rating;
    ggzcore_player_get_record;
    ggzcore_player_get_room;
    ggzcore_player_get_table;
    ggzcore_player_get_type;
    ggzcore_player_has_perm;
    ggzcore_player_set_perm;
    ggzcore_reload;
    ggzcore_room_add_event_hook;
    ggzcore_room_add_event_hook_full;
    ggzcore_room_admin;
    ggzcore_room_chat;
    ggzcore_room_free;
    ggzcore_room_get_closed;
    ggzcore_room_get_desc;
    ggzcore_room_get_gametype;
    ggzcore_room_get_name;
    ggzcore_room_get_nth_player;
    ggzcore_room_get_nth_table;
    ggzcore_room_get_num_players;
    ggzcore_room_get_num_tables;
    ggzcore_room_get_refname;
    ggzcore_room_get_server;
    ggzcore_room_get_table_by_id;
    ggzcore_room_join_table;
    ggzcore_room_launch_table;
    ggzcore_room_leave_table;
    ggzcore_room_list_players;
    ggzcore_room_list_tables;
    ggzcore_room_new;
    ggzcore_room_remove_event_hook;
    ggzcore_room_remove_event_hook_id;
    ggzcore_server_add_event_hook;
    ggzcore_server_add_event_hook_full;
    ggzcore_server_connect;
    ggzcore_server_create_channel;
    ggzcore_server_data_is_pending;
    ggzcore_server_disconnect;
    ggzcore_server_free;
    ggzcore_server_get_channel;
    ggzcore_server_get_cur_game;
    ggzcore_server_get_cur_room;
    ggzcore_server_get_fd;
    ggzcore_server_get_handle;
    ggzcore_server_get_host;
    ggzcore_server_get_nth_gametype;
    ggzcore_server_get_nth_room;
    ggzcore_server_get_num_gametypes;
    ggzcore_server_get_num_players;
    ggzcore_server_get_num_rooms;
    ggzcore_server_get_password;
    ggzcore_server_get_player;
    ggzcore_server_get_port;
    ggzcore_server_get_room_num;
    ggzcore_server_get_state;
    ggzcore_server_get_tls;
    ggzcore_server_get_type;
    ggzcore_server_is_at_table;
    ggzcore_server_is_in_room;
    ggzcore_server_is_logged_in;
    ggzcore_server_is_online;
    ggzcore_server_join_room;
    ggzcore_server_list_gametypes;
    ggzcore_server_list_rooms;
    ggzcore_server_log_session;
    ggzcore_server_login;
    ggzcore_server_logout;
    ggzcore_server_motd;
    ggzcore_server_new;
    ggzcore_server_read_data;
    ggzcore_server_remove_event_hook;
    ggzcore_server_remove_event_hook_id;
    ggzcore_server_reset;
    ggzcore_server_set_hostinfo;
    ggzcore_server_set_logininfo;
    ggzcore_table_free;
    ggzcore_table_get_desc;
    ggzcore_table_get_id;
    ggzcore_table_get_nth_player_name;
    ggzcore_table_get_nth_player_type;
    ggzcore_table_get_nth_spectator_name;
    ggzcore_table_get_num_seats;
    ggzcore_table_get_num_spectator_seats;
    ggzcore_table_get_room;
    ggzcore_table_get_seat_count;
    ggzcore_table_get_state;
    ggzcore_table_get_type;
    ggzcore_table_init;
    ggzcore_table_new;
    ggzcore_table_remove_player;
    ggzcore_table_set_desc;
    ggzcore_table_set_seat;
local: *;
};
