/*
This linker map has been produced from the following files:
ggz.h ggz_common.h ggz_dio.h
But it was certainly modified, so check twice!
*/

{
global:
    _ggz_free;
    _ggz_malloc;
    _ggz_realloc;
    _ggz_strdup;
    ggz_base16_encode;
    ggz_base64_decode;
    ggz_base64_encode;
    ggz_check_library;
    ggz_close_socket;
    ggz_conf_cleanup;
    ggz_conf_close;
    ggz_conf_commit;
    ggz_conf_get_keys;
    ggz_conf_get_sections;
    ggz_conf_parse;
    ggz_conf_read_int;
    ggz_conf_read_intlstring;
    ggz_conf_read_list;
    ggz_conf_read_string;
    ggz_conf_remove_key;
    ggz_conf_remove_section;
    ggz_conf_write_int;
    ggz_conf_write_list;
    ggz_conf_write_string;
    ggz_debug;
    ggz_debug_cleanup;
    ggz_debug_disable;
    ggz_debug_enable;
    ggz_debug_init;
    ggz_debug_set_func;
    ggz_error_msg;
    ggz_error_msg_exit;
    ggz_error_sys;
    ggz_error_sys_exit;
    ggz_free_file_struct;
    ggz_get_file_struct;
    ggz_get_io_alloc_limit;
    ggz_getpeername;
    ggz_hash_create;
    ggz_hmac_create;
    ggz_init_network;
    ggz_intlstring_free;
    ggz_intlstring_fromintlstring;
    ggz_intlstring_fromstring;
    ggz_intlstring_new;
    ggz_intlstring_translated;
    ggz_list_compare_str;
    ggz_list_count;
    ggz_list_create;
    ggz_list_create_str;
    ggz_list_delete_entry;
    ggz_list_destroy_str;
    ggz_list_free;
    ggz_list_get_data;
    ggz_list_head;
    ggz_list_insert;
    ggz_list_next;
    ggz_list_prev;
    ggz_list_search;
    ggz_list_search_alt;
    ggz_list_tail;
    ggz_log;
    ggz_make_path;
    ggz_make_socket;
    ggz_make_socket_or_die;
    ggz_make_unix_socket;
    ggz_make_unix_socket_or_die;
    ggz_memory_check;
    ggz_read_char;
    ggz_read_char_or_die;
    ggz_read_fd;
    ggz_read_int;
    ggz_read_int_or_die;
    ggz_read_line;
    ggz_read_string;
    ggz_read_string_alloc;
    ggz_read_string_alloc_null;
    ggz_read_string_alloc_or_die;
    ggz_read_string_or_die;
    ggz_readn;
    ggz_remove_io_error_func;
    ggz_remove_io_exit_func;
    ggz_resolvename;
    ggz_resolver_fd;
    ggz_resolver_work;
    ggz_set_io_alloc_limit;
    ggz_set_io_error_func;
    ggz_set_io_exit_func;
    ggz_set_network_notify_func;
    ggz_stack_free;
    ggz_stack_new;
    ggz_stack_pop;
    ggz_stack_push;
    ggz_stack_top;
    ggz_strbuild;
    ggz_strcasecmp;
    ggz_strcmp;
    ggz_strncpy;
    ggz_tls_disable_fd;
    ggz_tls_enable_fd;
    ggz_tls_init;
    ggz_tls_read;
    ggz_tls_support_name;
    ggz_tls_support_query;
    ggz_tls_write;
    ggz_uri_free;
    ggz_uri_from_string;
    ggz_uri_to_string;
    ggz_va_write_string;
    ggz_va_write_string_or_die;
    ggz_write_char;
    ggz_write_char_or_die;
    ggz_write_fd;
    ggz_write_int;
    ggz_write_int_or_die;
    ggz_write_string;
    ggz_write_string_or_die;
    ggz_writen;
    ggz_xml_escape;
    ggz_xml_unescape;
    ggz_xmlelement_add_text;
    ggz_xmlelement_free;
    ggz_xmlelement_get_attr;
    ggz_xmlelement_get_data;
    ggz_xmlelement_get_tag;
    ggz_xmlelement_get_text;
    ggz_xmlelement_init;
    ggz_xmlelement_new;
    ggz_xmlelement_set_data;
    ggz_admintype_to_string;
    ggz_bool_to_str;
    ggz_chattype_to_string;
    ggz_error_to_string;
    ggz_leavetype_to_string;
    ggz_numberlist_get_max;
    ggz_numberlist_isset;
    ggz_numberlist_new;
    ggz_numberlist_read;
    ggz_numberlist_write;
    ggz_perm_to_string;
    ggz_perms_init_from_list;
    ggz_perms_is_admin;
    ggz_perms_is_bot;
    ggz_perms_is_host;
    ggz_perms_is_set;
    ggz_perms_set;
    ggz_playertype_to_string;
    ggz_seattype_to_string;
    ggz_str_to_bool;
    ggz_string_to_admintype;
    ggz_string_to_chattype;
    ggz_string_to_error;
    ggz_string_to_leavetype;
    ggz_string_to_perm;
    ggz_string_to_playertype;
    ggz_string_to_seattype;
    ggz_dio_flush;
    ggz_dio_free;
    ggz_dio_get_bool32;
    ggz_dio_get_bool8;
    ggz_dio_get_char;
    ggz_dio_get_int;
    ggz_dio_get_memory;
    ggz_dio_get_sint16;
    ggz_dio_get_sint32;
    ggz_dio_get_sint8;
    ggz_dio_get_socket;
    ggz_dio_get_string;
    ggz_dio_get_string_alloc;
    ggz_dio_get_uint16;
    ggz_dio_get_uint32;
    ggz_dio_get_uint8;
    ggz_dio_is_write_pending;
    ggz_dio_new;
    ggz_dio_packet_end;
    ggz_dio_packet_start;
    ggz_dio_put_bool32;
    ggz_dio_put_bool8;
    ggz_dio_put_char;
    ggz_dio_put_int;
    ggz_dio_put_memory;
    ggz_dio_put_sint16;
    ggz_dio_put_sint32;
    ggz_dio_put_sint8;
    ggz_dio_put_string;
    ggz_dio_put_uint16;
    ggz_dio_put_uint32;
    ggz_dio_put_uint8;
    ggz_dio_read_data;
    ggz_dio_set_auto_flush;
    ggz_dio_set_read_callback;
    ggz_dio_set_read_freeze;
    ggz_dio_set_writeable_callback;
    ggz_dio_write_data;
local: *;
};
